Total messages: 26 (Errors: 18, Warnings: 0)
Returning 44 messages for level "debug"

[LOG] [Virto] Extension-point inspector loaded. Type vcExt.help() to begin. @ https://vcptcore-qa.govirto.com/dist/app.js?v=YDcafgL_drh-2hIm0JjDFBJhBvBiYXmXiKYayeO44-s:1
[LOG] WARNING: Tried to load AngularJS more than once. @ https://vcptcore-qa.govirto.com/modules/$(VirtoCommerce.CustomerExportImport)/dist/app.js?v=8DED5FF1B06DB00:1
[ERROR] Failed to load resource: the server responded with a status of 401 () @ https://vcptcore-qa.govirto.com/api/platform/settings/VirtoCommerce.Platform.UI.WidgetColorMarkers:0
[ERROR] Possibly unhandled rejection: {"data":"","status":401,"config":{"method":"GET","transformRequest":[null],"transformResponse":[null],"jsonpCallbackParam":"callback","url":"api/platform/settings/VirtoCommerce.Platform.UI.WidgetColorMarkers","headers":{"Accept":"application/json, text/plain, */*"}},"statusText":"","xhrStatus":"complete","resource":{}} @ https://vcptcore-qa.govirto.com/dist/vendor.js?v=Fdv3no0l8-YmIhV9kG9T25opeeWTWsrlr3AbDgEx9os:1
[VERBOSE] [DOM] Input elements should have autocomplete attributes (suggested: "current-password"): (More info: https://www.chromium.org/developers/design-documents/create-amazing-password-forms) %o @ https://vcptcore-qa.govirto.com/#!/login:0
[VERBOSE] [DOM] Input elements should have autocomplete attributes (suggested: "current-password"): (More info: https://www.chromium.org/developers/design-documents/create-amazing-password-forms) @ https://vcptcore-qa.govirto.com/#!/:0
[ERROR] Failed to load resource: the server responded with a status of 404 () @ https://vcptcore-qa.govirto.com/apps/app_search/logo.svg:0
[ERROR] Failed to load resource: the server responded with a status of 404 () @ https://vcptcore-qa.govirto.com/apps/builderio/logo.svg:0
[ERROR] Failed to load resource: the server responded with a status of 404 () @ https://vcptcore-qa.govirto.com/apps/page-builder-shell/assets/images/logo-only.svg:0
[ERROR] Failed to load resource: the server responded with a status of 404 () @ https://vcptcore-qa.govirto.com/apps/app_search/logo.svg:0
[ERROR] Failed to load resource: the server responded with a status of 404 () @ https://vcptcore-qa.govirto.com/apps/builderio/logo.svg:0
[ERROR] Failed to load resource: the server responded with a status of 404 () @ https://vcptcore-qa.govirto.com/apps/page-builder-shell/assets/images/logo-only.svg:0
[ERROR] Failed to load resource: the server responded with a status of 404 () @ https://vcptcore-qa.govirto.com/apps/app_search/logo.svg:0
[ERROR] Failed to load resource: the server responded with a status of 404 () @ https://vcptcore-qa.govirto.com/apps/builderio/logo.svg:0
[ERROR] Failed to load resource: the server responded with a status of 404 () @ https://vcptcore-qa.govirto.com/apps/page-builder-shell/assets/images/logo-only.svg:0
[ERROR] Failed to load resource: the server responded with a status of 404 () @ https://vcptcore-qa.govirto.com/apps/app_search/logo.svg:0
[ERROR] Failed to load resource: the server responded with a status of 404 () @ https://vcptcore-qa.govirto.com/apps/builderio/logo.svg:0
[ERROR] Failed to load resource: the server responded with a status of 404 () @ https://vcptcore-qa.govirto.com/apps/page-builder-shell/assets/images/logo-only.svg:0
[LOG] [Virto] Extension-point inspector loaded. Type vcExt.help() to begin. @ https://vcptcore-qa.govirto.com/dist/app.js?v=YDcafgL_drh-2hIm0JjDFBJhBvBiYXmXiKYayeO44-s:1
[LOG] WARNING: Tried to load AngularJS more than once. @ https://vcptcore-qa.govirto.com/modules/$(VirtoCommerce.CustomerExportImport)/dist/app.js?v=8DED5FF1B06DB00:1
[ERROR] Failed to load resource: the server responded with a status of 404 () @ https://vcptcore-qa.govirto.com/apps/app_search/logo.svg:0
[ERROR] Failed to load resource: the server responded with a status of 404 () @ https://vcptcore-qa.govirto.com/apps/builderio/logo.svg:0
[ERROR] Failed to load resource: the server responded with a status of 404 () @ https://vcptcore-qa.govirto.com/apps/page-builder-shell/assets/images/logo-only.svg:0
[VERBOSE] [DOM] Input elements should have autocomplete attributes (suggested: "current-password"): (More info: https://www.chromium.org/developers/design-documents/create-amazing-password-forms) %o @ https://vcptcore-qa.govirto.com/#!/login:0
[VERBOSE] [DOM] Input elements should have autocomplete attributes (suggested: "current-password"): (More info: https://www.chromium.org/developers/design-documents/create-amazing-password-forms) @ https://vcptcore-qa.govirto.com/#!/login:0
[ERROR] Failed to load resource: the server responded with a status of 404 () @ https://vcptcore-qa.govirto.com/apps/app_search/logo.svg:0
[ERROR] Failed to load resource: the server responded with a status of 404 () @ https://vcptcore-qa.govirto.com/apps/builderio/logo.svg:0
[ERROR] Failed to load resource: the server responded with a status of 404 () @ https://vcptcore-qa.govirto.com/apps/page-builder-shell/assets/images/logo-only.svg:0
[ERROR] Failed to load resource: the server responded with a status of 404 () @ https://vcptcore-qa.govirto.com/apps/app_search/logo.svg:0
[ERROR] Failed to load resource: the server responded with a status of 404 () @ https://vcptcore-qa.govirto.com/apps/builderio/logo.svg:0
[ERROR] Failed to load resource: the server responded with a status of 404 () @ https://vcptcore-qa.govirto.com/apps/page-builder-shell/assets/images/logo-only.svg:0
[VERBOSE] [DOM] Input elements should have autocomplete attributes (suggested: "current-password"): (More info: https://www.chromium.org/developers/design-documents/create-amazing-password-forms) %o @ https://vcptcore-qa.govirto.com/#!/login:0
[VERBOSE] [DOM] Input elements should have autocomplete attributes (suggested: "current-password"): (More info: https://www.chromium.org/developers/design-documents/create-amazing-password-forms) @ https://vcptcore-qa.govirto.com/#!/login:0
[ERROR] Failed to load resource: the server responded with a status of 404 () @ https://vcptcore-qa.govirto.com/apps/app_search/logo.svg:0
[ERROR] Failed to load resource: the server responded with a status of 404 () @ https://vcptcore-qa.govirto.com/apps/builderio/logo.svg:0
[ERROR] Failed to load resource: the server responded with a status of 404 () @ https://vcptcore-qa.govirto.com/apps/page-builder-shell/assets/images/logo-only.svg:0
[ERROR] Failed to load resource: the server responded with a status of 404 () @ https://vcptcore-qa.govirto.com/apps/app_search/logo.svg:0
[ERROR] Failed to load resource: the server responded with a status of 404 () @ https://vcptcore-qa.govirto.com/apps/builderio/logo.svg:0
[ERROR] Failed to load resource: the server responded with a status of 404 () @ https://vcptcore-qa.govirto.com/apps/page-builder-shell/assets/images/logo-only.svg:0
[VERBOSE] [DOM] Input elements should have autocomplete attributes (suggested: "current-password"): (More info: https://www.chromium.org/developers/design-documents/create-amazing-password-forms) %o @ https://vcptcore-qa.govirto.com/#!/login:0
[VERBOSE] [DOM] Input elements should have autocomplete attributes (suggested: "current-password"): (More info: https://www.chromium.org/developers/design-documents/create-amazing-password-forms) @ https://vcptcore-qa.govirto.com/#!/login:0
[ERROR] Failed to load resource: the server responded with a status of 404 () @ https://vcptcore-qa.govirto.com/apps/app_search/logo.svg:0
[ERROR] Failed to load resource: the server responded with a status of 404 () @ https://vcptcore-qa.govirto.com/apps/builderio/logo.svg:0
[ERROR] Failed to load resource: the server responded with a status of 404 () @ https://vcptcore-qa.govirto.com/apps/page-builder-shell/assets/images/logo-only.svg:0